// Jest Snapshot v1, https://goo.gl/fbAQLP

exports[`NewProject on load should match the snapshot with all data passed in 1`] = `
<div
  className="new-project"
>
  <div
    className="create-head hideable"
  >
    <h3>
      Create New Project...
    </h3>
  </div>
  <div
    className="form-container"
  >
    <form
      className="form"
      onSubmit={[Function]}
    >
      <input
        className="new-project-input"
        defaultValue=""
        id="newProjectInput"
        onKeyUp={[Function]}
        placeholder="Project Name..."
      />
      <button
        className="add-project-btn"
      >
        <i
          className="fas fa-plus"
        />
      </button>
    </form>
  </div>
  <div
    className="select-head hideable"
  >
    <h3>
      Select Saved Project:
    </h3>
  </div>
</div>
`;
