// Jest Snapshot v1, https://goo.gl/fbAQLP

exports[`Project should match the snapshot with all data passed in 1`] = `
<div
  className="project active-project"
>
  <div
    className="project-title"
    onClick={[Function]}
  >
    <h3 />
  </div>
  <div
    className="project-delete"
  >
    <button
      onClick={[Function]}
    >
      <i
        className="fas fa-times"
      />
    </button>
  </div>
</div>
`;
