// Jest Snapshot v1, https://goo.gl/fbAQLP

exports[`Control should match the snapshot with all data passed in 1`] = `
<div
  className="control-container"
>
  <div
    className="selected-project"
  >
    <p>
      Selected Project
    </p>
    Tom
  </div>
  <div
    className="palette-mix"
  >
    <button>
      Mix up palette
    </button>
  </div>
  <div
    className="palette-submit"
  >
    <input
      onChange={[Function]}
      placeholder="Name new palette..."
      value=""
    />
    <button
      onClick={[Function]}
    >
      Submit
    </button>
  </div>
</div>
`;
