// Jest Snapshot v1, https://goo.gl/fbAQLP

exports[`Control on load should match the snapshot with all data passed in 1`] = `
<div
  className="control-container"
>
  <div
    className="selected-project"
  >
    <p>
      <span
        className="txt-remove"
      >
        <span
          className="select"
        >
          Selected Project
        </span>
        : 
      </span>
      mockproj1
    </p>
    <p>
      <span
        className="txt-remove"
      >
        <span
          className="select"
        >
          Selected Palette
        </span>
        : 
      </span>
      Creating new palette
    </p>
  </div>
  <div
    className="palette-mix"
  >
    <button
      className="randomize-btn"
      onClick={[MockFunction]}
    >
      Mix
      <span
        className="txt-remove"
      >
         palette
      </span>
      !
    </button>
  </div>
  <div
    className="palette-submit"
  >
    <input
      className="palette-input"
      onChange={[Function]}
      placeholder="Creating new palette"
      value=""
    />
    <button
      className="submit-btn"
      onClick={[Function]}
    >
      Submit
    </button>
  </div>
</div>
`;
