// Jest Snapshot v1, https://goo.gl/fbAQLP

exports[`Control on load should match the snapshot with all data passed in 1`] = `
<div
  className="control-container"
>
  <div
    className="selected-project"
  >
    <p>
      <span>
        Selected Project
      </span>
      : 
      Select or create a project
    </p>
    <p>
      <span>
        Selected Palette
      </span>
      : 
      Select or create a palette
    </p>
  </div>
  <div
    className="palette-mix"
  >
    <button
      className="randomize-btn"
    >
      Mix palette!
    </button>
  </div>
  <div
    className="palette-submit"
  >
    <input
      className="palette-input"
      onChange={[Function]}
      placeholder="Select or create a palette"
      value=""
    />
    <button
      className="submit-btn"
      onClick={[Function]}
    >
      Submit
    </button>
  </div>
</div>
`;
