// Jest Snapshot v1, https://goo.gl/fbAQLP

exports[`Palette should match the snapshot with all data passed in 1`] = `
<div
  className="palette active-palette"
>
  <div
    className="click-container"
    onClick={[Function]}
  >
    <div
      className="palette-name"
    >
      <h4 />
    </div>
    <div
      className="palette-preview"
    />
  </div>
  <button
    onClick={[Function]}
  >
    <i
      className="fas fa-times"
    />
  </button>
</div>
`;
