// Jest Snapshot v1, https://goo.gl/fbAQLP

exports[`Projects should match the snapshot with all data passed in 1`] = `
<div
  className="projects-container"
>
  <ConnectFunction />
  <ConnectFunction
    id={2}
    key="0"
    name="Tom"
  />
  <ConnectFunction
    id={3}
    key="1"
    name="Mason"
  />
</div>
`;
