// Jest Snapshot v1, https://goo.gl/fbAQLP

exports[`Projects should match the snapshot with all data passed in 1`] = `
<div
  className="projects-container"
>
  <div
    className="projects-head"
  >
    <h3>
      Create New Project...
    </h3>
    <div
      className="new-project"
    >
      <ConnectFunction />
    </div>
    <h3>
      Select Saved Project:
    </h3>
  </div>
  <div
    className="projects-list scroll"
  >
    <ConnectFunction
      id={2}
      key="2"
      name="Tom"
    />
    <ConnectFunction
      id={3}
      key="3"
      name="Mason"
    />
  </div>
</div>
`;
