// Jest Snapshot v1, https://goo.gl/fbAQLP

exports[`Info on load should match the snapshot 1`] = `
<div
  className="info-container"
>
  <header>
    <h1>
      Instructions
    </h1>
    <div
      className="close-info-btn closable"
      onClick={[Function]}
    >
      <i
        className="fas fa-times closable"
      />
    </div>
    <h4>
      Thank you for checking out Palette Picker!
    </h4>
  </header>
  <main>
    <p>
      Create or select Projects and Palettes on the right. Mix, name, or save Palettes on the bottom. Detailed instructions below:
    </p>
    <div
      className="instruction-step project-step"
      onClick={[Function]}
    >
      1. Create/Select Project
      <div
        className="arrow"
      >
        <i
          aria-hidden="true"
          className="fa fa-chevron-right"
        />
      </div>
      <div
        className="project-info detail-box"
        id="project-step"
        onClick={[Function]}
      >
        <InstructionBox
          message="First, select a project. To create a new project, type a project name in the input under 'Create New Project...' and click the adjacent plus button to save. Saved projects are listed, in a scroll box below. Click a saved project to select it."
        />
      </div>
    </div>
    <div
      className="instruction-step palette-step"
      onClick={[Function]}
    >
      2. Create/Select Palette
      <div
        className="arrow"
      >
        <i
          aria-hidden="true"
          className="fa fa-chevron-right"
        />
      </div>
      <div
        className="palette-info detail-box"
        id="palette-step"
        onClick={[Function]}
      >
        <InstructionBox
          message="Next, create a palette or select a saved palette. Below Projects, click either the 'Create New Palette' box, highlighted by default, or a previously saved palette in the scroll box below. The selected palette will appear in the main area."
        />
      </div>
    </div>
    <div
      className="instruction-step mix-step"
      onClick={[Function]}
    >
      3. Make a Color Palette!
      <div
        className="arrow"
      >
        <i
          aria-hidden="true"
          className="fa fa-chevron-right"
        />
      </div>
      <div
        className="mix-info detail-box"
        id="mix-step"
        onClick={[Function]}
      >
        <InstructionBox
          message="Verify selected Project and Palette in the lower console. Next, choose colors to replace by clicking the locks on each color to toggle between unlocked and locked. New palettes start unlocked; Saved palettes start locked. Now, randomize unlocked colors by clicking 'Mix Palette!' button. To save palette, type a name in the lower console input and click submit. If working on a previously saved palette, no need to type a name before submitting color edits, but typing a name in the input before submission will rename."
        />
      </div>
    </div>
  </main>
</div>
`;
